../Core/Src/main.c:81:5:main	120	static
../Core/Src/main.c:166:6:SystemClock_Config	72	static
../Core/Src/main.c:203:13:MX_USART2_UART_Init	8	static
../Core/Src/main.c:236:13:MX_GPIO_Init	32	static
../Core/Src/main.c:287:6:StartTaskUART	32	static
../Core/Src/main.c:334:6:StartTaskLED	32	static
../Core/Src/main.c:371:6:StartTaskButton	24	static
../Core/Src/main.c:397:6:HAL_TIM_PeriodElapsedCallback	16	static
../Core/Src/main.c:414:6:HAL_UART_RxCpltCallback	16	static
../Core/Src/main.c:421:6:Error_Handler	4	static,ignoring_inline_asm
